// Jest Snapshot v1, https://goo.gl/fbAQLP

exports[`Layout renders correctly 1`] = `
<React.Fragment>
  <Memo(ConnectFunction) />
  <Memo(ConnectFunction) />
</React.Fragment>
`;
